2026-03-20 14:23:42,224 [INFO] PROCESS START: PID=47416, Model=v4, Mode=gnn
C:\Users\USER\ai_tracker_correlator\.venv\Lib\site-packages\mlflow\tracking\_tracking_service\utils.py:178: FutureWarning: The filesystem tracking backend (e.g., './mlruns') will be deprecated in February 2026. Consider transitioning to a database backend (e.g., 'sqlite:///mlflow.db') to take advantage of the latest MLflow features. See https://github.com/mlflow/mlflow/issues/18534 for more details and migration guidance. For migrating existing data, https://github.com/mlflow/mlflow-export-import can be used.
  return FileStore(store_uri, store_uri)
[OK] MLflow initialized: ./mlruns
[OK] Experiment: ai_tracker_fusion

 Initializing AI Tracker (GNN mode)...
Warning: Could not load clutter filter: 'charmap' codec can't encode character '\u2713' in position 0: character maps to <undefined>
Warning: GNNUpdater could not load classifiers, edges will lack ML features.
Warning: Could not load GNN model from checkpoints/model_v4_streaming.pt: 'charmap' codec can't encode character '\u2713' in position 0: character maps to <undefined>
 Loaded 300 frames. Starting tracking...

Processing:   0%|          | 0/300 [00:00<?, ?it/s]
                                                   

Processing:   0%|          | 0/300 [00:00<?, ?it/s]
Processing:  11%|#1        | 34/300 [00:00<00:00, 331.83it/s]
                                                             

Processing:  11%|#1        | 34/300 [00:00<00:00, 331.83it/s]
                                                             

Processing:  11%|#1        | 34/300 [00:00<00:00, 331.83it/s]
Processing:  23%|##3       | 70/300 [00:00<00:00, 336.02it/s]
                                                             

Processing:  23%|##3       | 70/300 [00:00<00:00, 336.02it/s]
                                                             

Processing:  23%|##3       | 70/300 [00:00<00:00, 336.02it/s]
Processing:  35%|###5      | 106/300 [00:00<00:00, 345.86it/s]
                                                              

Processing:  35%|###5      | 106/300 [00:00<00:00, 345.86it/s]
                                                              

Processing:  35%|###5      | 106/300 [00:00<00:00, 345.86it/s]
Processing:  49%|####9     | 147/300 [00:00<00:00, 368.79it/s]
                                                              

Processing:  49%|####9     | 147/300 [00:00<00:00, 368.79it/s]
                                                              

Processing:  49%|####9     | 147/300 [00:00<00:00, 368.79it/s]
Processing:  62%|######2   | 186/300 [00:00<00:00, 375.06it/s]
                                                              

Processing:  62%|######2   | 186/300 [00:00<00:00, 375.06it/s]
                                                              

Processing:  62%|######2   | 186/300 [00:00<00:00, 375.06it/s]
Processing:  75%|#######4  | 224/300 [00:00<00:00, 360.10it/s]
                                                              

Processing:  75%|#######4  | 224/300 [00:00<00:00, 360.10it/s]
                                                              

Processing:  75%|#######4  | 224/300 [00:00<00:00, 360.10it/s]
Processing:  87%|########7 | 261/300 [00:00<00:00, 348.81it/s]
                                                              

Processing:  87%|########7 | 261/300 [00:00<00:00, 348.81it/s]
Processing:  99%|#########9| 297/300 [00:00<00:00, 327.81it/s]
                                                              

Processing:  99%|#########9| 297/300 [00:00<00:00, 327.81it/s]
Processing: 100%|##########| 300/300 [00:00<00:00, 342.53it/s]
Frame 20: 48 meas -> 0 confirmed tracks
Frame 40: 42 meas -> 0 confirmed tracks
Frame 60: 49 meas -> 0 confirmed tracks
Frame 80: 42 meas -> 0 confirmed tracks
Frame 100: 41 meas -> 0 confirmed tracks
Frame 120: 41 meas -> 0 confirmed tracks
Frame 140: 47 meas -> 0 confirmed tracks
Frame 160: 42 meas -> 0 confirmed tracks
Frame 180: 44 meas -> 0 confirmed tracks
Frame 200: 45 meas -> 0 confirmed tracks
Frame 220: 47 meas -> 0 confirmed tracks
Frame 240: 55 meas -> 0 confirmed tracks
Frame 260: 54 meas -> 0 confirmed tracks
Frame 280: 53 meas -> 0 confirmed tracks
Frame 300: 56 meas -> 0 confirmed tracks

  PERFORMANCE SUMMARY:
------------------------------
AI Pipeline    :   0.73s (91.9%)
Data Loading   :   0.05s ( 6.9%)
Metrics Calc   :   0.01s ( 1.2%)
------------------------------

========================================
      TRACKING RESULTS (CLI)
========================================
MOTA:      0.0000
MOTP:      15000.0m
Precision: 0.0000
Recall:    0.0000
F1:        0.0000
ID Switch: 0
========================================
Results logged to MLflow (Run ID: 4f3cb133de954cc6b344da148d4aa744)
